MO IDS_Lab04_1to2Dec NULL IDS_Lab04_1to2Dec.v vlg6B/_i_d_s___lab04__1to2_dec.bin 1476328244
MO IDS_Lab04_2to4Dec NULL IDS_Lab04_2to4Dec.v vlg6E/_i_d_s___lab04__2to4_dec.bin 1476328244
MO IDS_Lab04_2to4DecEnable NULL IDS_Lab04_2to4DecEnable.v vlg25/_i_d_s___lab04__2to4_dec_enable.bin 1476329734
MO IDS_Lab04_1to2DecEnable NULL IDS_Lab04_1to2DecEnable.v vlg0A/_i_d_s___lab04__1to2_dec_enable.bin 1476329734
